n = -1	0.000000000000000000000000000000
n = 0	1.000000000000000000000000000000
n = 1	2.000000000000000000000000000000
n = 2	2.500000000000000000000000000000
n = 5	2.716666666666666341001246109954
n = 10	2.718281801146384513145903838449
n = 20	2.718281828459045534884808148490
n = 50	2.718281828459045534884808148490
n = 100	2.718281828459045534884808148490
n = 170	2.718281828459045534884808148490
n = 171	2.718281828459045534884808148490
