Please enter a positive integer >= 2: 1 2147483647
